=== Old Resource List ===
Resource type: script
Agent: script.sh
Attributes:
  name = initscript [ primary unique ]
  file = /etc/init.d/sshd [ unique required ]

Resource type: ip [NEEDSTOP]
Instances: 1/1
Agent: ip.sh
Attributes:
  address = 192.168.1.2 [ primary unique ]
  monitor_link = yes

Resource type: service [ROOT]
Instances: 1/1
Agent: service.sh
Attributes:
  name = test1 [ primary unique required ]

=== New Resource List ===
Resource type: script
Agent: script.sh
Attributes:
  name = initscript [ primary unique ]
  file = /etc/init.d/sshd [ unique required ]

Resource type: ip [NEEDSTART]
Instances: 1/1
Agent: ip.sh
Attributes:
  address = 192.168.1.3 [ primary unique ]
  monitor_link = yes

Resource type: service [ROOT]
Instances: 1/1
Agent: service.sh
Attributes:
  name = test1 [ primary unique required ]

=== Old Resource Tree ===
service {
  name = "test1";
  ip [ NEEDSTOP ] {
    address = "192.168.1.2";
    monitor_link = "yes";
  }
  script {
    name = "initscript";
    file = "/etc/init.d/sshd";
  }
}
=== New Resource Tree ===
service {
  name = "test1";
  ip [ NEEDSTART ] {
    address = "192.168.1.3";
    monitor_link = "yes";
  }
  script {
    name = "initscript";
    file = "/etc/init.d/sshd";
  }
}
