=== Old Resource List ===
Resource type: script
Agent: script.sh
Attributes:
  name = initscript [ primary unique ]
  file = /etc/init.d/sshd [ unique required ]

Resource type: ip
Instances: 1/1
Agent: ip.sh
Attributes:
  address = 192.168.1.3 [ primary unique ]
  monitor_link = yes

Resource type: resourcegroup [ROOT]
Instances: 1/1
Agent: resourcegroup.sh
Attributes:
  name = test1 [ primary unique required ]

=== New Resource List ===
Resource type: fs [NEEDSTART]
Instances: 0/1
Agent: fs.sh
Attributes:
  name = mount1 [ primary ]
  mountpoint = /mnt/cluster [ unique required ]
  device = /dev/sdb8 [ unique required ]
  fstype = ext3

Resource type: script
Agent: script.sh
Attributes:
  name = initscript [ primary unique ]
  file = /etc/init.d/sshd [ unique required ]

Resource type: ip
Instances: 1/1
Agent: ip.sh
Attributes:
  address = 192.168.1.3 [ primary unique ]
  monitor_link = yes

Resource type: resourcegroup [ROOT]
Instances: 1/1
Agent: resourcegroup.sh
Attributes:
  name = test1 [ primary unique required ]

=== Old Resource Tree ===
resourcegroup {
  name = "test1";
  ip {
    address = "192.168.1.3";
    monitor_link = "yes";
  }
  script {
    name = "initscript";
    file = "/etc/init.d/sshd";
  }
}
=== New Resource Tree ===
resourcegroup {
  name = "test1";
  ip {
    address = "192.168.1.3";
    monitor_link = "yes";
  }
  script {
    name = "initscript";
    file = "/etc/init.d/sshd";
  }
}
