=== Resources List ===
Resource type: resourcegroup [ROOT] [INLINE]
Instances: 1/1
Agent: resourcegroup.sh
Attributes:
  name = test1 [ primary unique required ]

=== Resource Tree ===
resourcegroup {
  name = "test1";
}
